// Jest Snapshot v1, https://goo.gl/fbAQLP

exports[`component AppHeader renders as expected 1`] = `
<h1
  className="app-header"
>
  Patient Details Hub
</h1>
`;
