// Jest Snapshot v1, https://goo.gl/fbAQLP

exports[`component WhiskerPlot renders as expected 1`] = `
<svg
  className="whisker-plot"
  height={20}
  width={200}
>
  <line
    stroke="black"
    strokeWidth={2}
    x1={0}
    x2={200}
    y1={10}
    y2={10}
  />
  <line
    stroke="black"
    strokeWidth={2}
    x1={1}
    x2={1}
    y1={0}
    y2={20}
  />
  <line
    stroke="black"
    strokeWidth={2}
    x1={199}
    x2={199}
    y1={0}
    y2={20}
  />
  <line
    stroke="black"
    strokeWidth={2}
    x1={100}
    x2={100}
    y1={0}
    y2={20}
  />
  <circle
    cx={88.88888888888889}
    cy={10}
    r={10}
  />
</svg>
`;
